2026-01-29 18:02:08,087 | INFO | __main__ | Market order request: BTCUSDT BUY 0.01
2026-01-29 18:02:08,087 | ERROR | __main__ | Validation failed: Missing API credentials
2026-01-29 18:02:32,041 | INFO | __main__ | Market order request: BTCUSDT BUY 0.01
2026-01-29 18:02:32,623 | INFO | advanced | Binance client initialized
2026-01-29 18:02:33,656 | INFO | __main__ | Market order response: orderId=12022637551, status=NEW, executedQty=0.000
2026-01-29 18:02:59,534 | INFO | __main__ | Limit order request: BTCUSDT SELL 0.01 @ 85000.0
2026-01-29 18:03:00,208 | INFO | advanced | Binance client initialized
2026-01-29 18:03:00,694 | INFO | __main__ | Limit order response: orderId=12022641902, status=NEW, executedQty=0.000
2026-01-29 18:03:09,168 | INFO | __main__ | Limit order request: BTCUSDT SELL 0.01 @ 30000.0
2026-01-29 18:03:09,479 | INFO | advanced | Binance client initialized
2026-01-29 18:03:10,000 | ERROR | __main__ | Limit order failed: Traceback (most recent call last):
  File "C:\Users\Sanjay\OneDrive\Desktop\trading_bot\trading_bot\src\advanced\__init__.py", line 91, in place_limit_order
    return client.get_client().futures_create_order(
  File "C:\Users\Sanjay\AppData\Local\Programs\Python\Python310\lib\site-packages\binance\client.py", line 6504, in futures_create_order
    return self._request_futures_api('post', 'order', True, data=params)
  File "C:\Users\Sanjay\AppData\Local\Programs\Python\Python310\lib\site-packages\binance\client.py", line 383, in _request_futures_api
    return self._request(method, uri, signed, True, **kwargs)
  File "C:\Users\Sanjay\AppData\Local\Programs\Python\Python310\lib\site-packages\binance\client.py", line 359, in _request
    return self._handle_response(self.response)
  File "C:\Users\Sanjay\AppData\Local\Programs\Python\Python310\lib\site-packages\binance\client.py", line 368, in _handle_response
    raise BinanceAPIException(response, response.status_code, response.text)
binance.exceptions.BinanceAPIException: APIError(code=-4024): Limit price can't be lower than 83552.44.

During handling of the above exception, another exception occurred:

Traceback (most recent call last):
  File "C:\Users\Sanjay\OneDrive\Desktop\trading_bot\trading_bot\src\limit_orders.py", line 35, in main
    response = place_limit_order(client, args.symbol, args.side, args.quantity, args.price)
  File "C:\Users\Sanjay\OneDrive\Desktop\trading_bot\trading_bot\src\advanced\__init__.py", line 100, in place_limit_order
    raise Exception(f"Limit order failed: {e}")
Exception: Limit order failed: APIError(code=-4024): Limit price can't be lower than 83552.44.

2026-01-29 18:03:19,401 | INFO | advanced | Binance client initialized
2026-01-29 18:03:19,401 | INFO | __main__ | TWAP execution started: BTCUSDT BUY 0.03 in 3 chunks every 2s
2026-01-29 18:03:19,401 | INFO | __main__ | Placing TWAP chunk 1/3: 0.01
2026-01-29 18:03:20,059 | INFO | __main__ | TWAP chunk 1 executed: orderId=12022644608, executedQty=0.0
2026-01-29 18:03:22,066 | INFO | __main__ | Placing TWAP chunk 2/3: 0.01
2026-01-29 18:03:22,253 | INFO | __main__ | TWAP chunk 2 executed: orderId=12022645241, executedQty=0.0
2026-01-29 18:03:24,261 | INFO | __main__ | Placing TWAP chunk 3/3: 0.01
2026-01-29 18:03:24,856 | INFO | __main__ | TWAP chunk 3 executed: orderId=12022645882, executedQty=0.0
2026-01-29 18:03:24,856 | INFO | __main__ | TWAP execution completed: 3 orders placed, 0.0 total executed
2026-01-29 18:19:15,387 | INFO | __main__ | UI MARKET order request: BTCUSDT BUY 0.01
2026-01-29 18:19:15,975 | INFO | advanced | Binance client initialized
2026-01-29 18:19:16,688 | INFO | __main__ | UI MARKET order response: orderId=12022807410, status=NEW
